Precomputing living background loop…
Synthesizing alive narration (edge-tts)…
Total 116.0s · 3480 frames · 3 questions
  frame 0/3480
  frame 90/3480
  frame 180/3480
  frame 270/3480
  frame 360/3480
  frame 450/3480
  frame 540/3480
  frame 630/3480
  frame 720/3480
  frame 810/3480
  frame 900/3480
  frame 990/3480
  frame 1080/3480
  frame 1170/3480
  frame 1260/3480
  frame 1350/3480
  frame 1440/3480
  frame 1530/3480
  frame 1620/3480
  frame 1710/3480
  frame 1800/3480
  frame 1890/3480
  frame 1980/3480
  frame 2070/3480
  frame 2160/3480
  frame 2250/3480
  frame 2340/3480
  frame 2430/3480
  frame 2520/3480
  frame 2610/3480
  frame 2700/3480
  frame 2790/3480
  frame 2880/3480
  frame 2970/3480
  frame 3060/3480
  frame 3150/3480
  frame 3240/3480
  frame 3330/3480
  frame 3420/3480

✅  out/d1_reel1.mp4
