Precomputing living background loop…
Synthesizing alive narration (edge-tts)…
Total 106.2s · 3185 frames · 3 questions
  frame 0/3185
  frame 90/3185
  frame 180/3185
  frame 270/3185
  frame 360/3185
  frame 450/3185
  frame 540/3185
  frame 630/3185
  frame 720/3185
  frame 810/3185
  frame 900/3185
  frame 990/3185
  frame 1080/3185
  frame 1170/3185
  frame 1260/3185
  frame 1350/3185
  frame 1440/3185
  frame 1530/3185
  frame 1620/3185
  frame 1710/3185
  frame 1800/3185
  frame 1890/3185
  frame 1980/3185
  frame 2070/3185
  frame 2160/3185
  frame 2250/3185
  frame 2340/3185
  frame 2430/3185
  frame 2520/3185
  frame 2610/3185
  frame 2700/3185
  frame 2790/3185
  frame 2880/3185
  frame 2970/3185
  frame 3060/3185
  frame 3150/3185

✅  out/d1_reel2.mp4
