Publishing 11 reels to FB Page 1235364529650979 ...
[1/11] Day01_brand_universal_mind.mp4 — already posted, skip
[2/11] Day02_ep01_attention.mp4
    video_id=1719625962710730
    publishing: not_started
    publishing: not_started
    publishing: complete
    PUBLISHED video_id=1719625962710730
[3/11] Day03_course_vr.mp4
    video_id=1385914476920919
    publishing: not_started
    publishing: not_started
    publishing: not_started
    publishing: complete
    PUBLISHED video_id=1385914476920919
[4/11] Day04_ep02_learning.mp4
    video_id=1033995172444971
    publishing: not_started
    publishing: not_started
    publishing: complete
    PUBLISHED video_id=1033995172444971
[5/11] Day05_course_agentic.mp4
    video_id=2261501417996496
    publishing: not_started
    publishing: not_started
    publishing: not_started
    publishing: complete
    PUBLISHED video_id=2261501417996496
[6/11] Day06_ep03_imagination.mp4
    video_id=1342567218070985
    publishing: not_started
    publishing: not_started
    publishing: complete
    PUBLISHED video_id=1342567218070985
[7/11] Day07_course_ml.mp4
    video_id=2751687758566681
    publishing: not_started
    publishing: not_started
    publishing: not_started
    publishing: complete
    PUBLISHED video_id=2751687758566681
[8/11] Day08_ep04_meaning.mp4
    video_id=27977853331832270
    publishing: not_started
    publishing: not_started
    publishing: complete
    PUBLISHED video_id=27977853331832270
[9/11] Day09_course_physicalai.mp4
    video_id=1047927521241012
    publishing: not_started
    publishing: not_started
    publishing: complete
    PUBLISHED video_id=1047927521241012
[10/11] Day10_ep05_intuition.mp4
    video_id=3994914924146771
    publishing: not_started
    publishing: not_started
    publishing: complete
    PUBLISHED video_id=3994914924146771
[11/11] Day11_nature.mp4
    video_id=2226410028172644
    publishing: not_started
    publishing: not_started
    publishing: complete
    PUBLISHED video_id=2226410028172644

Done. 11/11 live on Facebook.
