Publishing 11 reels to @17841480511571246 ...
[1/11] Day01_brand_universal_mind.mp4
  → container: https://rtx.trigunai.com/reels/Day01_brand_universal_mind.mp4
    status: IN_PROGRESS
    status: IN_PROGRESS
    status: IN_PROGRESS
    status: IN_PROGRESS
    status: IN_PROGRESS
    status: FINISHED
    PUBLISHED media_id=18084743732167307
[2/11] Day02_ep01_attention.mp4
  → container: https://rtx.trigunai.com/reels/Day02_ep01_attention.mp4
    status: IN_PROGRESS
    status: IN_PROGRESS
    status: FINISHED
    PUBLISHED media_id=18598793446054683
[3/11] Day03_course_vr.mp4
  → container: https://rtx.trigunai.com/reels/Day03_course_vr.mp4
    status: IN_PROGRESS
    status: IN_PROGRESS
    status: IN_PROGRESS
    status: IN_PROGRESS
    status: IN_PROGRESS
    status: FINISHED
    PUBLISHED media_id=17972074770118757
[4/11] Day04_ep02_learning.mp4
  → container: https://rtx.trigunai.com/reels/Day04_ep02_learning.mp4
    status: IN_PROGRESS
    status: IN_PROGRESS
    status: IN_PROGRESS
    status: IN_PROGRESS
    status: FINISHED
    PUBLISHED media_id=17938990026299170
[5/11] Day05_course_agentic.mp4
  → container: https://rtx.trigunai.com/reels/Day05_course_agentic.mp4
    status: IN_PROGRESS
    status: IN_PROGRESS
    status: IN_PROGRESS
    status: FINISHED
    PUBLISHED media_id=18117083707848205
[6/11] Day06_ep03_imagination.mp4
  → container: https://rtx.trigunai.com/reels/Day06_ep03_imagination.mp4
    status: IN_PROGRESS
    status: IN_PROGRESS
    status: IN_PROGRESS
    status: FINISHED
    PUBLISHED media_id=18225087667319427
[7/11] Day07_course_ml.mp4
  → container: https://rtx.trigunai.com/reels/Day07_course_ml.mp4
    status: IN_PROGRESS
    status: IN_PROGRESS
    status: IN_PROGRESS
    status: FINISHED
    PUBLISHED media_id=18118378594836198
[8/11] Day08_ep04_meaning.mp4
  → container: https://rtx.trigunai.com/reels/Day08_ep04_meaning.mp4
    status: IN_PROGRESS
    status: IN_PROGRESS
    status: IN_PROGRESS
    status: IN_PROGRESS
    status: IN_PROGRESS
    status: IN_PROGRESS
    status: FINISHED
    PUBLISHED media_id=18109247596942079
[9/11] Day09_course_physicalai.mp4
  → container: https://rtx.trigunai.com/reels/Day09_course_physicalai.mp4
    status: IN_PROGRESS
    status: IN_PROGRESS
    status: IN_PROGRESS
    status: FINISHED
    PUBLISHED media_id=18135188113858288
[10/11] Day10_ep05_intuition.mp4
  → container: https://rtx.trigunai.com/reels/Day10_ep05_intuition.mp4
    status: IN_PROGRESS
    status: IN_PROGRESS
    status: IN_PROGRESS
    status: FINISHED
    PUBLISHED media_id=18173675434423985
[11/11] Day11_nature.mp4
  → container: https://rtx.trigunai.com/reels/Day11_nature.mp4
    status: IN_PROGRESS
    status: IN_PROGRESS
    status: IN_PROGRESS
    status: IN_PROGRESS
    status: IN_PROGRESS
    status: IN_PROGRESS
    status: IN_PROGRESS
    status: FINISHED
    PUBLISHED media_id=18336025387269995

Done. 11/11 live.
