wrote /Users/deepakkumarrai/Documents/01_Active/NvidiaSimSetup/kids_quiz/content/batch_d01_s1_place_value.json  (5 Qs, topic=place_value)
wrote /Users/deepakkumarrai/Documents/01_Active/NvidiaSimSetup/kids_quiz/content/batch_d01_s2_compare.json  (5 Qs, topic=compare)
wrote /Users/deepakkumarrai/Documents/01_Active/NvidiaSimSetup/kids_quiz/content/batch_d01_s3_skip_count.json  (5 Qs, topic=skip_count)
wrote /Users/deepakkumarrai/Documents/01_Active/NvidiaSimSetup/kids_quiz/content/batch_d01_s4_add.json  (5 Qs, topic=add)
wrote /Users/deepakkumarrai/Documents/01_Active/NvidiaSimSetup/kids_quiz/content/batch_d02_s1_add.json  (5 Qs, topic=add)
wrote /Users/deepakkumarrai/Documents/01_Active/NvidiaSimSetup/kids_quiz/content/batch_d02_s2_sub.json  (5 Qs, topic=sub)
wrote /Users/deepakkumarrai/Documents/01_Active/NvidiaSimSetup/kids_quiz/content/batch_d02_s3_mul_fact.json  (5 Qs, topic=mul_fact)
wrote /Users/deepakkumarrai/Documents/01_Active/NvidiaSimSetup/kids_quiz/content/batch_d02_s4_mul_word.json  (5 Qs, topic=mul_word)
wrote /Users/deepakkumarrai/Documents/01_Active/NvidiaSimSetup/kids_quiz/content/batch_d03_s1_mul_fact.json  (5 Qs, topic=mul_fact)
wrote /Users/deepakkumarrai/Documents/01_Active/NvidiaSimSetup/kids_quiz/content/batch_d03_s2_mul_word.json  (5 Qs, topic=mul_word)
wrote /Users/deepakkumarrai/Documents/01_Active/NvidiaSimSetup/kids_quiz/content/batch_d03_s3_div.json  (5 Qs, topic=div)
wrote /Users/deepakkumarrai/Documents/01_Active/NvidiaSimSetup/kids_quiz/content/batch_d03_s4_patterns.json  (5 Qs, topic=patterns)
wrote /Users/deepakkumarrai/Documents/01_Active/NvidiaSimSetup/kids_quiz/content/batch_d04_s1_add.json  (5 Qs, topic=add)
wrote /Users/deepakkumarrai/Documents/01_Active/NvidiaSimSetup/kids_quiz/content/batch_d04_s2_sub.json  (5 Qs, topic=sub)
wrote /Users/deepakkumarrai/Documents/01_Active/NvidiaSimSetup/kids_quiz/content/batch_d04_s3_mul_fact.json  (5 Qs, topic=mul_fact)
wrote /Users/deepakkumarrai/Documents/01_Active/NvidiaSimSetup/kids_quiz/content/batch_d04_s4_div.json  (5 Qs, topic=div)
wrote /Users/deepakkumarrai/Documents/01_Active/NvidiaSimSetup/kids_quiz/content/batch_d05_s1_roman.json  (5 Qs, topic=roman)
wrote /Users/deepakkumarrai/Documents/01_Active/NvidiaSimSetup/kids_quiz/content/batch_d05_s2_ordinal.json  (5 Qs, topic=ordinal)
wrote /Users/deepakkumarrai/Documents/01_Active/NvidiaSimSetup/kids_quiz/content/batch_d05_s3_fraction.json  (5 Qs, topic=fraction)
wrote /Users/deepakkumarrai/Documents/01_Active/NvidiaSimSetup/kids_quiz/content/batch_d05_s4_money.json  (5 Qs, topic=money)
wrote /Users/deepakkumarrai/Documents/01_Active/NvidiaSimSetup/kids_quiz/content/batch_d06_s1_mul_fact.json  (5 Qs, topic=mul_fact)
wrote /Users/deepakkumarrai/Documents/01_Active/NvidiaSimSetup/kids_quiz/content/batch_d06_s2_mul_word.json  (5 Qs, topic=mul_word)
wrote /Users/deepakkumarrai/Documents/01_Active/NvidiaSimSetup/kids_quiz/content/batch_d06_s3_div.json  (5 Qs, topic=div)
wrote /Users/deepakkumarrai/Documents/01_Active/NvidiaSimSetup/kids_quiz/content/batch_d06_s4_add.json  (5 Qs, topic=add)
wrote /Users/deepakkumarrai/Documents/01_Active/NvidiaSimSetup/kids_quiz/content/batch_d07_s1_sub.json  (5 Qs, topic=sub)
wrote /Users/deepakkumarrai/Documents/01_Active/NvidiaSimSetup/kids_quiz/content/batch_d07_s2_mul_fact.json  (5 Qs, topic=mul_fact)
wrote /Users/deepakkumarrai/Documents/01_Active/NvidiaSimSetup/kids_quiz/content/batch_d07_s3_fraction.json  (5 Qs, topic=fraction)
wrote /Users/deepakkumarrai/Documents/01_Active/NvidiaSimSetup/kids_quiz/content/batch_d07_s4_money.json  (5 Qs, topic=money)
wrote /Users/deepakkumarrai/Documents/01_Active/NvidiaSimSetup/kids_quiz/content/batch_d08_s1_place_value.json  (5 Qs, topic=place_value)
wrote /Users/deepakkumarrai/Documents/01_Active/NvidiaSimSetup/kids_quiz/content/batch_d08_s2_compare.json  (5 Qs, topic=compare)
wrote /Users/deepakkumarrai/Documents/01_Active/NvidiaSimSetup/kids_quiz/content/batch_d08_s3_mul_word.json  (5 Qs, topic=mul_word)
wrote /Users/deepakkumarrai/Documents/01_Active/NvidiaSimSetup/kids_quiz/content/batch_d08_s4_div.json  (5 Qs, topic=div)
wrote /Users/deepakkumarrai/Documents/01_Active/NvidiaSimSetup/kids_quiz/content/batch_d09_s1_time.json  (5 Qs, topic=time)
wrote /Users/deepakkumarrai/Documents/01_Active/NvidiaSimSetup/kids_quiz/content/batch_d09_s2_shapes.json  (5 Qs, topic=shapes)
wrote /Users/deepakkumarrai/Documents/01_Active/NvidiaSimSetup/kids_quiz/content/batch_d09_s3_length.json  (5 Qs, topic=length)
wrote /Users/deepakkumarrai/Documents/01_Active/NvidiaSimSetup/kids_quiz/content/batch_d09_s4_weight.json  (5 Qs, topic=weight)
wrote /Users/deepakkumarrai/Documents/01_Active/NvidiaSimSetup/kids_quiz/content/batch_d10_s1_mul_fact.json  (5 Qs, topic=mul_fact)
wrote /Users/deepakkumarrai/Documents/01_Active/NvidiaSimSetup/kids_quiz/content/batch_d10_s2_div.json  (5 Qs, topic=div)
wrote /Users/deepakkumarrai/Documents/01_Active/NvidiaSimSetup/kids_quiz/content/batch_d10_s3_add.json  (5 Qs, topic=add)
wrote /Users/deepakkumarrai/Documents/01_Active/NvidiaSimSetup/kids_quiz/content/batch_d10_s4_sub.json  (5 Qs, topic=sub)
wrote /Users/deepakkumarrai/Documents/01_Active/NvidiaSimSetup/kids_quiz/content/batch_d11_s1_fraction.json  (5 Qs, topic=fraction)
wrote /Users/deepakkumarrai/Documents/01_Active/NvidiaSimSetup/kids_quiz/content/batch_d11_s2_money.json  (5 Qs, topic=money)
wrote /Users/deepakkumarrai/Documents/01_Active/NvidiaSimSetup/kids_quiz/content/batch_d11_s3_data.json  (5 Qs, topic=data)
wrote /Users/deepakkumarrai/Documents/01_Active/NvidiaSimSetup/kids_quiz/content/batch_d11_s4_patterns.json  (5 Qs, topic=patterns)
wrote /Users/deepakkumarrai/Documents/01_Active/NvidiaSimSetup/kids_quiz/content/batch_d12_s1_mul_word.json  (5 Qs, topic=mul_word)
wrote /Users/deepakkumarrai/Documents/01_Active/NvidiaSimSetup/kids_quiz/content/batch_d12_s2_div.json  (5 Qs, topic=div)
wrote /Users/deepakkumarrai/Documents/01_Active/NvidiaSimSetup/kids_quiz/content/batch_d12_s3_mul_fact.json  (5 Qs, topic=mul_fact)
wrote /Users/deepakkumarrai/Documents/01_Active/NvidiaSimSetup/kids_quiz/content/batch_d12_s4_add.json  (5 Qs, topic=add)
wrote /Users/deepakkumarrai/Documents/01_Active/NvidiaSimSetup/kids_quiz/content/batch_d13_s1_shapes.json  (5 Qs, topic=shapes)
wrote /Users/deepakkumarrai/Documents/01_Active/NvidiaSimSetup/kids_quiz/content/batch_d13_s2_time.json  (5 Qs, topic=time)
wrote /Users/deepakkumarrai/Documents/01_Active/NvidiaSimSetup/kids_quiz/content/batch_d13_s3_length.json  (5 Qs, topic=length)
wrote /Users/deepakkumarrai/Documents/01_Active/NvidiaSimSetup/kids_quiz/content/batch_d13_s4_data.json  (5 Qs, topic=data)
wrote /Users/deepakkumarrai/Documents/01_Active/NvidiaSimSetup/kids_quiz/content/batch_d14_s1_sub.json  (5 Qs, topic=sub)
wrote /Users/deepakkumarrai/Documents/01_Active/NvidiaSimSetup/kids_quiz/content/batch_d14_s2_mul_fact.json  (5 Qs, topic=mul_fact)
wrote /Users/deepakkumarrai/Documents/01_Active/NvidiaSimSetup/kids_quiz/content/batch_d14_s3_div.json  (5 Qs, topic=div)
wrote /Users/deepakkumarrai/Documents/01_Active/NvidiaSimSetup/kids_quiz/content/batch_d14_s4_fraction.json  (5 Qs, topic=fraction)
wrote /Users/deepakkumarrai/Documents/01_Active/NvidiaSimSetup/kids_quiz/content/batch_d15_s1_place_value.json  (5 Qs, topic=place_value)
wrote /Users/deepakkumarrai/Documents/01_Active/NvidiaSimSetup/kids_quiz/content/batch_d15_s2_mul_word.json  (5 Qs, topic=mul_word)
wrote /Users/deepakkumarrai/Documents/01_Active/NvidiaSimSetup/kids_quiz/content/batch_d15_s3_money.json  (5 Qs, topic=money)
wrote /Users/deepakkumarrai/Documents/01_Active/NvidiaSimSetup/kids_quiz/content/batch_d15_s4_compare.json  (5 Qs, topic=compare)
2026-07-31T09:42:54  [batch] generated 60 content sets
2026-07-31T09:42:59  [batch] EC2 SSH ready.
LAUNCHED
2026-07-31T11:30:51  [batch] rendering 60 on EC2, 6-way parallel…
2026-07-31T11:31:42  [batch]   rendered 60/60
2026-07-31T11:31:42  [batch] render complete (60/60)
2026-07-31T11:39:43  [batch] pulled 60/60 videos
2026-07-31T11:39:43  [batch] stopping EC2 (batch done)…
2026-07-31T11:39:46  [batch] uploading 60 videos unlisted to kids channel…
/Users/deepakkumarrai/Library/Python/3.9/lib/python/site-packages/google/api_core/_python_version_support.py:237: FutureWarning: You are using a non-supported Python version (3.9.6). Google will not post any further updates to google.api_core supporting this Python version. Please upgrade to the latest Python version, or at least Python 3.10, and then update google.api_core.
  warnings.warn(message, FutureWarning)
An error occurred: module 'importlib.metadata' has no attribute 'packages_distributions'
>> tt_d01_s1_place_value: uploading 'Number Kingdom 🗺️ Place Value for Kids | Grade 3 Maths Quiz ...'
   ...65%
   ✅ uploaded: https://youtu.be/e0kOa57XiXo
>> tt_d01_s2_compare: uploading 'Bigger or Smaller Bay 🗺️ Comparing Numbers for Kids | Grade ...'
   ...59%
   ✅ uploaded: https://youtu.be/1i7pxV0W6qk
>> tt_d01_s3_skip_count: uploading 'Skip-Count Trail 🗺️ Skip Counting for Kids | Grade 3 Maths Q...'
   ...68%
   ✅ uploaded: https://youtu.be/mMPY0DN97Pc
>> tt_d01_s4_add: uploading 'Addition Adventure 🗺️ Addition for Kids | Grade 3 Maths Quiz...'
   ...66%
   ✅ uploaded: https://youtu.be/zWGLp6jZ-AI
>> tt_d02_s1_add: uploading 'Addition Adventure 🗺️ Addition for Kids | Grade 3 Maths Quiz...'
   ...65%
   ✅ uploaded: https://youtu.be/3yTnirMvdAE
>> tt_d02_s2_sub: uploading 'Subtraction Cave 🗺️ Subtraction for Kids | Grade 3 Maths Qui...'
   ...65%
   ✅ uploaded: https://youtu.be/1KWliunS35M
>> tt_d02_s3_mul_fact: uploading 'Multiplication Mountain 🗺️ Multiplication Tables for Kids | ...'
Traceback (most recent call last):
  File "/Users/deepakkumarrai/Documents/01_Active/NvidiaSimSetup/youtube_series/yt_upload.py", line 219, in <module>
    main()
  File "/Users/deepakkumarrai/Documents/01_Active/NvidiaSimSetup/youtube_series/yt_upload.py", line 215, in main
    upload_one(yt, ep, man.get("playlist"), a.substack, a.privacy, state)
  File "/Users/deepakkumarrai/Documents/01_Active/NvidiaSimSetup/youtube_series/yt_upload.py", line 102, in upload_one
    status, resp = req.next_chunk()
  File "/Users/deepakkumarrai/Library/Python/3.9/lib/python/site-packages/googleapiclient/_helpers.py", line 130, in positional_wrapper
    return wrapped(*args, **kwargs)
  File "/Users/deepakkumarrai/Library/Python/3.9/lib/python/site-packages/googleapiclient/http.py", line 1022, in next_chunk
    raise ResumableUploadError(resp, content)
googleapiclient.errors.ResumableUploadError: <HttpError 400 when requesting None returned "The request metadata specifies invalid video keywords.". Details: "[{'message': 'The request metadata specifies invalid video keywords.', 'domain': 'youtube.video', 'reason': 'invalidTags', 'location': 'body.snippet.tags', 'locationType': 'other'}]">
Traceback (most recent call last):
  File "/Users/deepakkumarrai/Documents/01_Active/NvidiaSimSetup/kids_quiz/publish_kids.py", line 90, in <module>
    main()
    ~~~~^^
  File "/Users/deepakkumarrai/Documents/01_Active/NvidiaSimSetup/kids_quiz/publish_kids.py", line 87, in main
    subprocess.run([PY, YT_UPLOAD, "run", mpath, "--privacy", a.privacy], check=True, env=env)
    ~~~~~~~~~~~~~~^^^^^^^^^^^^^^^^^^^^^^^^^^^^^^^^^^^^^^^^^^^^^^^^^^^^^^^^^^^^^^^^^^^^^^^^^^^^
  File "/usr/local/Cellar/python@3.14/3.14.5/Frameworks/Python.framework/Versions/3.14/lib/python3.14/subprocess.py", line 578, in run
    raise CalledProcessError(retcode, process.args,
                             output=stdout, stderr=stderr)
subprocess.CalledProcessError: Command '['/usr/bin/python3', '/Users/deepakkumarrai/Documents/01_Active/NvidiaSimSetup/youtube_series/yt_upload.py', 'run', '/Users/deepakkumarrai/Documents/01_Active/NvidiaSimSetup/youtube_series/_kids_manifest.json', '--privacy', 'unlisted']' returned non-zero exit status 1.
Traceback (most recent call last):
  File "/Users/deepakkumarrai/Documents/01_Active/NvidiaSimSetup/kids_quiz/batch_all.py", line 119, in <module>
    main()
    ~~~~^^
  File "/Users/deepakkumarrai/Documents/01_Active/NvidiaSimSetup/kids_quiz/batch_all.py", line 115, in main
    sh(["python3", os.path.join(BASE, "publish_kids.py"), "--items", ipath, "--privacy", a.privacy])
    ~~^^^^^^^^^^^^^^^^^^^^^^^^^^^^^^^^^^^^^^^^^^^^^^^^^^^^^^^^^^^^^^^^^^^^^^^^^^^^^^^^^^^^^^^^^^^^^^
  File "/Users/deepakkumarrai/Documents/01_Active/NvidiaSimSetup/kids_quiz/batch_all.py", line 32, in sh
    def sh(cmd, **kw): return subprocess.run(cmd, check=True, **kw)
                              ~~~~~~~~~~~~~~^^^^^^^^^^^^^^^^^^^^^^^
  File "/usr/local/Cellar/python@3.14/3.14.5/Frameworks/Python.framework/Versions/3.14/lib/python3.14/subprocess.py", line 578, in run
    raise CalledProcessError(retcode, process.args,
                             output=stdout, stderr=stderr)
subprocess.CalledProcessError: Command '['python3', '/Users/deepakkumarrai/Documents/01_Active/NvidiaSimSetup/kids_quiz/publish_kids.py', '--items', '/Users/deepakkumarrai/Documents/01_Active/NvidiaSimSetup/kids_quiz/out/batch/items_all.json', '--privacy', 'unlisted']' returned non-zero exit status 1.
