Building bright island background…
Synthesizing playful narration (edge-tts)…
Total 189.6s · 5689 frames · 5 questions
  frame 0/5689
  frame 90/5689
  frame 180/5689
  frame 270/5689
  frame 360/5689
  frame 450/5689
  frame 540/5689
  frame 630/5689
  frame 720/5689
  frame 810/5689
  frame 900/5689
  frame 990/5689
  frame 1080/5689
  frame 1170/5689
  frame 1260/5689
  frame 1350/5689
  frame 1440/5689
  frame 1530/5689
  frame 1620/5689
  frame 1710/5689
  frame 1800/5689
  frame 1890/5689
  frame 1980/5689
  frame 2070/5689
  frame 2160/5689
  frame 2250/5689
  frame 2340/5689
  frame 2430/5689
  frame 2520/5689
  frame 2610/5689
  frame 2700/5689
  frame 2790/5689
  frame 2880/5689
  frame 2970/5689
  frame 3060/5689
  frame 3150/5689
  frame 3240/5689
  frame 3330/5689
  frame 3420/5689
  frame 3510/5689
  frame 3600/5689
  frame 3690/5689
  frame 3780/5689
  frame 3870/5689
  frame 3960/5689
  frame 4050/5689
  frame 4140/5689
  frame 4230/5689
  frame 4320/5689
  frame 4410/5689
  frame 4500/5689
  frame 4590/5689
  frame 4680/5689
  frame 4770/5689
  frame 4860/5689
  frame 4950/5689
  frame 5040/5689
  frame 5130/5689
  frame 5220/5689
  frame 5310/5689
  frame 5400/5689
  frame 5490/5689
  frame 5580/5689
  frame 5670/5689

✅  out/mult_mountain.mp4
