/Users/deepakkumarrai/Library/Python/3.9/lib/python/site-packages/google/api_core/_python_version_support.py:237: FutureWarning: You are using a non-supported Python version (3.9.6). Google will not post any further updates to google.api_core supporting this Python version. Please upgrade to the latest Python version, or at least Python 3.10, and then update google.api_core.
  warnings.warn(message, FutureWarning)
An error occurred: module 'importlib.metadata' has no attribute 'packages_distributions'
== tt_d01_s1_place_value: already uploaded (e0kOa57XiXo) — skipping
== tt_d01_s2_compare: already uploaded (1i7pxV0W6qk) — skipping
== tt_d01_s3_skip_count: already uploaded (mMPY0DN97Pc) — skipping
== tt_d01_s4_add: already uploaded (zWGLp6jZ-AI) — skipping
== tt_d02_s1_add: already uploaded (3yTnirMvdAE) — skipping
== tt_d02_s2_sub: already uploaded (1KWliunS35M) — skipping
>> tt_d02_s3_mul_fact: uploading 'Multiplication Mountain 🗺️ Multiplication Tables for Kids | ...'
   ...76%
   ✅ uploaded: https://youtu.be/uUlkyZikqrE
>> tt_d02_s4_mul_word: uploading 'Times-Table Town 🗺️ Multiplication Word Problems for Kids | ...'
   ...66%
   ✅ uploaded: https://youtu.be/f4htv2P0K4w
>> tt_d03_s1_mul_fact: uploading 'Multiplication Mountain 🗺️ Multiplication Tables for Kids | ...'
   ...75%
   ✅ uploaded: https://youtu.be/G3nam9CZDQ0
>> tt_d03_s2_mul_word: uploading 'Times-Table Town 🗺️ Multiplication Word Problems for Kids | ...'
   ...64%
   ✅ uploaded: https://youtu.be/Cbzg7uebaW0
>> tt_d03_s3_div: uploading 'Division Valley 🗺️ Division for Kids | Grade 3 Maths Quiz wi...'
   ...71%
   ✅ uploaded: https://youtu.be/2h7L2R23z2w
>> tt_d03_s4_patterns: uploading 'Pattern Path 🗺️ Number Patterns for Kids | Grade 3 Maths Qui...'
   ...69%
   ✅ uploaded: https://youtu.be/Vf_AurNuvJk
>> tt_d04_s1_add: uploading 'Addition Adventure 🗺️ Addition for Kids | Grade 3 Maths Quiz...'
   ...65%
   ✅ uploaded: https://youtu.be/vrWQ4sZNnBM
>> tt_d04_s2_sub: uploading 'Subtraction Cave 🗺️ Subtraction for Kids | Grade 3 Maths Qui...'
   ...64%
   ✅ uploaded: https://youtu.be/S-2cJw0KH-8
>> tt_d04_s3_mul_fact: uploading 'Multiplication Mountain 🗺️ Multiplication Tables for Kids | ...'
   ...74%
   ✅ uploaded: https://youtu.be/hAkzLzSgyo8
>> tt_d04_s4_div: uploading 'Division Valley 🗺️ Division for Kids | Grade 3 Maths Quiz wi...'
   ...71%
   ✅ uploaded: https://youtu.be/yo0Yo-enm0U
>> tt_d05_s1_roman: uploading 'Roman Ruins 🗺️ Roman Numerals for Kids | Grade 3 Maths Quiz ...'
   ...73%
   ✅ uploaded: https://youtu.be/KX217KgBZe4
>> tt_d05_s2_ordinal: uploading 'Race Day Ranks 🗺️ Ordinal Numbers for Kids | Grade 3 Maths Q...'
   ...75%
   ✅ uploaded: https://youtu.be/cEkh3STVMMU
>> tt_d05_s3_fraction: uploading 'Fraction Falls 🗺️ Fractions for Kids | Grade 3 Maths Quiz wi...'
   ...72%
   ✅ uploaded: https://youtu.be/yyexIh5PgU0
>> tt_d05_s4_money: uploading 'Money Market 🗺️ Money for Kids | Grade 3 Maths Quiz with JJ ...'
   ...67%
   ✅ uploaded: https://youtu.be/Su7BK8lwUfs
>> tt_d06_s1_mul_fact: uploading 'Multiplication Mountain 🗺️ Multiplication Tables for Kids | ...'
   ...76%
   ✅ uploaded: https://youtu.be/9aC9GZ7iN1k
>> tt_d06_s2_mul_word: uploading 'Times-Table Town 🗺️ Multiplication Word Problems for Kids | ...'
   ...65%
   ✅ uploaded: https://youtu.be/bp4xwDRQ2Gk
>> tt_d06_s3_div: uploading 'Division Valley 🗺️ Division for Kids | Grade 3 Maths Quiz wi...'
   ...71%
   ✅ uploaded: https://youtu.be/nBAWrt0h794
>> tt_d06_s4_add: uploading 'Addition Adventure 🗺️ Addition for Kids | Grade 3 Maths Quiz...'
   ...65%
   ✅ uploaded: https://youtu.be/VMzW6TXTy1k
>> tt_d07_s1_sub: uploading 'Subtraction Cave 🗺️ Subtraction for Kids | Grade 3 Maths Qui...'
   ...63%
   ✅ uploaded: https://youtu.be/u9ExQTVBMq0
>> tt_d07_s2_mul_fact: uploading 'Multiplication Mountain 🗺️ Multiplication Tables for Kids | ...'
   ...76%
   ✅ uploaded: https://youtu.be/YRNeDGob4m8
>> tt_d07_s3_fraction: uploading 'Fraction Falls 🗺️ Fractions for Kids | Grade 3 Maths Quiz wi...'
   ...71%
   ✅ uploaded: https://youtu.be/ZBXTAjHl2kI
>> tt_d07_s4_money: uploading 'Money Market 🗺️ Money for Kids | Grade 3 Maths Quiz with JJ ...'
   ...66%
   ✅ uploaded: https://youtu.be/Ax3N2fGngG4
>> tt_d08_s1_place_value: uploading 'Number Kingdom 🗺️ Place Value for Kids | Grade 3 Maths Quiz ...'
   ...66%
   ✅ uploaded: https://youtu.be/UZagzF2708A
>> tt_d08_s2_compare: uploading 'Bigger or Smaller Bay 🗺️ Comparing Numbers for Kids | Grade ...'
   ...60%
   ✅ uploaded: https://youtu.be/czcadHIE9Fs
>> tt_d08_s3_mul_word: uploading 'Times-Table Town 🗺️ Multiplication Word Problems for Kids | ...'
   ...65%
   ✅ uploaded: https://youtu.be/ijC0wBeBLmI
>> tt_d08_s4_div: uploading 'Division Valley 🗺️ Division for Kids | Grade 3 Maths Quiz wi...'
   ...71%
   ✅ uploaded: https://youtu.be/RwWvkW-meA4
>> tt_d09_s1_time: uploading 'Clock Tower 🗺️ Telling Time for Kids | Grade 3 Maths Quiz wi...'
   ...70%
   ✅ uploaded: https://youtu.be/A2EoioRKHlo
>> tt_d09_s2_shapes: uploading 'Shape Island 🗺️ Shapes & Geometry for Kids | Grade 3 Maths Q...'
   ...74%
   ✅ uploaded: https://youtu.be/RhkPDz0mB-s
>> tt_d09_s3_length: uploading 'Measure Land 🗺️ Length & Measurement for Kids | Grade 3 Math...'
   ...73%
   ✅ uploaded: https://youtu.be/abc5-UIhnZM
>> tt_d09_s4_weight: uploading 'Weighing Woods 🗺️ Weight & Measurement for Kids | Grade 3 Ma...'
   ...72%
   ✅ uploaded: https://youtu.be/FLShfyhYu0E
>> tt_d10_s1_mul_fact: uploading 'Multiplication Mountain 🗺️ Multiplication Tables for Kids | ...'
   ...76%
   ✅ uploaded: https://youtu.be/vNPTSwUzz2k
>> tt_d10_s2_div: uploading 'Division Valley 🗺️ Division for Kids | Grade 3 Maths Quiz wi...'
   ...71%
   ✅ uploaded: https://youtu.be/DnorHCaJSCw
>> tt_d10_s3_add: uploading 'Addition Adventure 🗺️ Addition for Kids | Grade 3 Maths Quiz...'
   ...65%
   ✅ uploaded: https://youtu.be/PKjnYc8FDs8
>> tt_d10_s4_sub: uploading 'Subtraction Cave 🗺️ Subtraction for Kids | Grade 3 Maths Qui...'
   ...64%
   ✅ uploaded: https://youtu.be/lKPJ2QaH52k
>> tt_d11_s1_fraction: uploading 'Fraction Falls 🗺️ Fractions for Kids | Grade 3 Maths Quiz wi...'
   ...73%
   ✅ uploaded: https://youtu.be/4_i6jPVL1G8
>> tt_d11_s2_money: uploading 'Money Market 🗺️ Money for Kids | Grade 3 Maths Quiz with JJ ...'
   ...66%
   ✅ uploaded: https://youtu.be/ljsRpAmLfAg
>> tt_d11_s3_data: uploading 'Graph Garden 🗺️ Data Handling for Kids | Grade 3 Maths Quiz ...'
   ...69%
   ✅ uploaded: https://youtu.be/N48NaGd1NRw
>> tt_d11_s4_patterns: uploading 'Pattern Path 🗺️ Number Patterns for Kids | Grade 3 Maths Qui...'
   ...68%
   ✅ uploaded: https://youtu.be/DAyELbFaSto
>> tt_d12_s1_mul_word: uploading 'Times-Table Town 🗺️ Multiplication Word Problems for Kids | ...'
   ...66%
   ✅ uploaded: https://youtu.be/61qwXckkzUE
>> tt_d12_s2_div: uploading 'Division Valley 🗺️ Division for Kids | Grade 3 Maths Quiz wi...'
   ...71%
   ✅ uploaded: https://youtu.be/wQK8uCbI8PM
>> tt_d12_s3_mul_fact: uploading 'Multiplication Mountain 🗺️ Multiplication Tables for Kids | ...'
   ...75%
   ✅ uploaded: https://youtu.be/TuxC0S9A3xE
>> tt_d12_s4_add: uploading 'Addition Adventure 🗺️ Addition for Kids | Grade 3 Maths Quiz...'
   ...65%
   ✅ uploaded: https://youtu.be/vb-US0T1Dss
>> tt_d13_s1_shapes: uploading 'Shape Island 🗺️ Shapes & Geometry for Kids | Grade 3 Maths Q...'
   ...74%
   ✅ uploaded: https://youtu.be/5B2htsWYZ1o
>> tt_d13_s2_time: uploading 'Clock Tower 🗺️ Telling Time for Kids | Grade 3 Maths Quiz wi...'
   ...70%
   ✅ uploaded: https://youtu.be/XCWxBF30OFU
>> tt_d13_s3_length: uploading 'Measure Land 🗺️ Length & Measurement for Kids | Grade 3 Math...'
   ...73%
   ✅ uploaded: https://youtu.be/Y6D__oQDfzQ
>> tt_d13_s4_data: uploading 'Graph Garden 🗺️ Data Handling for Kids | Grade 3 Maths Quiz ...'
   ...69%
   ✅ uploaded: https://youtu.be/BBafbbUOJ1A
>> tt_d14_s1_sub: uploading 'Subtraction Cave 🗺️ Subtraction for Kids | Grade 3 Maths Qui...'
   ...65%
   ✅ uploaded: https://youtu.be/TuiIvcWweuY
>> tt_d14_s2_mul_fact: uploading 'Multiplication Mountain 🗺️ Multiplication Tables for Kids | ...'
   ...77%
   ✅ uploaded: https://youtu.be/3A1SMvQHoAs
>> tt_d14_s3_div: uploading 'Division Valley 🗺️ Division for Kids | Grade 3 Maths Quiz wi...'
   ...70%
   ✅ uploaded: https://youtu.be/je-I27GRhq0
>> tt_d14_s4_fraction: uploading 'Fraction Falls 🗺️ Fractions for Kids | Grade 3 Maths Quiz wi...'
   ...73%
   ✅ uploaded: https://youtu.be/kMqKTEgf1f0
>> tt_d15_s1_place_value: uploading 'Number Kingdom 🗺️ Place Value for Kids | Grade 3 Maths Quiz ...'
   ...66%
   ✅ uploaded: https://youtu.be/eRQlQPSNxvc
>> tt_d15_s2_mul_word: uploading 'Times-Table Town 🗺️ Multiplication Word Problems for Kids | ...'
   ...65%
   ✅ uploaded: https://youtu.be/3KuUCm9Z5DQ
>> tt_d15_s3_money: uploading 'Money Market 🗺️ Money for Kids | Grade 3 Maths Quiz with JJ ...'
   ...67%
   ✅ uploaded: https://youtu.be/279-wgODwTY
>> tt_d15_s4_compare: uploading 'Bigger or Smaller Bay 🗺️ Comparing Numbers for Kids | Grade ...'
   ...60%
   ✅ uploaded: https://youtu.be/ankSpLPfT94

== done ==
